
> deprem@0.1.0 build
> next build

   ▲ Next.js 15.5.6
   - Environments: .env

   Creating an optimized production build ...
 ⚠ Production code optimization has been disabled in your project. Read more: https://nextjs.org/docs/messages/minification-disabled
<w> [webpack.cache.PackFileCacheStrategy] Serializing big strings (176kiB) impacts deserialization performance (consider using Buffer instead and decode when needed)
Failed to compile.

./app/api/v1/assessment/complete/route.js
Attempted import error: 'getSeismicDataByCoordinates' is not exported from '@/services/turkeySeismicAPI' (imported as 'getSeismicDataByCoordinates').

Import trace for requested module:
./app/api/v1/assessment/complete/route.js

./app/api/v1/assessment/complete/route.js
Attempted import error: 'getEnhancedLocationData' is not exported from '@/services/googlePlacesService' (imported as 'getEnhancedLocationData').

Import trace for requested module:
./app/api/v1/assessment/complete/route.js

./app/api/v1/assessment/complete/route.js
Attempted import error: 'calculateSafetyScore' is not exported from '@/components/SafetyCalculator' (imported as 'calculateSafetyScore').

Import trace for requested module:
./app/api/v1/assessment/complete/route.js


> Build failed because of webpack errors
